Archive member included to satisfy reference by file (symbol)

c:/program files (x86)/atmel/studio/7.0/toolchain/avr8/avr8-gnu-toolchain/bin/../lib/gcc/avr/4.9.2/avrxmega4\libgcc.a(_exit.o)
                              C:/Program Files (x86)/Atmel/Studio/7.0/Packs/atmel/XMEGAA_DFP/1.0.39/gcc/dev/atxmega64a4u/avrxmega4/crtatxmega64a4u.o (exit)
c:/program files (x86)/atmel/studio/7.0/toolchain/avr8/avr8-gnu-toolchain/bin/../lib/gcc/avr/4.9.2/avrxmega4\libgcc.a(_copy_data.o)
                              main.o (__do_copy_data)
c:/program files (x86)/atmel/studio/7.0/toolchain/avr8/avr8-gnu-toolchain/bin/../lib/gcc/avr/4.9.2/avrxmega4\libgcc.a(_clear_bss.o)
                              main.o (__do_clear_bss)
c:/program files (x86)/atmel/studio/7.0/toolchain/avr8/avr8-gnu-toolchain/bin/../lib/gcc/avr/4.9.2/../../../../avr/lib/avrxmega4\libc.a(itoa_ncheck.o)
                              main.o (__itoa_ncheck)
c:/program files (x86)/atmel/studio/7.0/toolchain/avr8/avr8-gnu-toolchain/bin/../lib/gcc/avr/4.9.2/../../../../avr/lib/avrxmega4\libc.a(utoa_ncheck.o)
                              c:/program files (x86)/atmel/studio/7.0/toolchain/avr8/avr8-gnu-toolchain/bin/../lib/gcc/avr/4.9.2/../../../../avr/lib/avrxmega4\libc.a(itoa_ncheck.o) (__utoa_common)
c:/program files (x86)/atmel/studio/7.0/toolchain/avr8/avr8-gnu-toolchain/bin/../lib/gcc/avr/4.9.2/../../../../avr/lib/avrxmega4\libc.a(strrev.o)
                              c:/program files (x86)/atmel/studio/7.0/toolchain/avr8/avr8-gnu-toolchain/bin/../lib/gcc/avr/4.9.2/../../../../avr/lib/avrxmega4\libc.a(utoa_ncheck.o) (strrev)

Allocating common symbols
Common symbol       size              file

USART_data_c0       0x37              main.o
USART_data_c1       0x37              main.o

Discarded input sections

 .data          0x00000000        0x0 C:/Program Files (x86)/Atmel/Studio/7.0/Packs/atmel/XMEGAA_DFP/1.0.39/gcc/dev/atxmega64a4u/avrxmega4/crtatxmega64a4u.o
 .bss           0x00000000        0x0 C:/Program Files (x86)/Atmel/Studio/7.0/Packs/atmel/XMEGAA_DFP/1.0.39/gcc/dev/atxmega64a4u/avrxmega4/crtatxmega64a4u.o
 .text          0x00000000        0x0 clksys_driver.o
 .data          0x00000000        0x0 clksys_driver.o
 .bss           0x00000000        0x0 clksys_driver.o
 .text.CLKSYS_XOSC_Config
                0x00000000       0x14 clksys_driver.o
 .text.CLKSYS_PLL_Config
                0x00000000        0xa clksys_driver.o
 .text.CLKSYS_Prescalers_Config
                0x00000000        0xc clksys_driver.o
 .text.CLKSYS_RTC_ClockSource_Enable
                0x00000000       0x10 clksys_driver.o
 .text.CLKSYS_XOSC_FailureDetection_Enable
                0x00000000        0xc clksys_driver.o
 .text          0x00000000        0x0 clock.o
 .data          0x00000000        0x0 clock.o
 .bss           0x00000000        0x0 clock.o
 .text          0x00000000        0x0 main.o
 .data          0x00000000        0x0 main.o
 .bss           0x00000000        0x0 main.o
 .text.USART_test
                0x00000000        0xc main.o
 .text          0x00000000        0x0 shell.o
 .data          0x00000000        0x0 shell.o
 .bss           0x00000000        0x0 shell.o
 .text.enter_shell
                0x00000000        0x2 shell.o
 .debug_info    0x00000000       0x74 shell.o
 .debug_abbrev  0x00000000       0x63 shell.o
 .debug_aranges
                0x00000000       0x20 shell.o
 .debug_ranges  0x00000000       0x10 shell.o
 .debug_line    0x00000000       0x44 shell.o
 .debug_str     0x00000000      0x12c shell.o
 .comment       0x00000000       0x31 shell.o
 .debug_frame   0x00000000       0x24 shell.o
 .text          0x00000000        0x0 UART.o
 .data          0x00000000        0x0 UART.o
 .bss           0x00000000        0x0 UART.o
 .text.receive_char_from_usart
                0x00000000       0x38 UART.o
 .progmem.data.__c.4305
                0x00000000       0x29 UART.o
 .progmem.data.__c.4299
                0x00000000       0x23 UART.o
 .text          0x00000000        0x0 usart_driver.o
 .data          0x00000000        0x0 usart_driver.o
 .bss           0x00000000        0x0 usart_driver.o
 .text.USART_InterruptDriver_DreInterruptLevel_Set
                0x00000000        0x6 usart_driver.o
 .text.USART_NineBits_PutChar
                0x00000000       0x18 usart_driver.o
 .text.USART_NineBits_GetChar
                0x00000000       0x18 usart_driver.o
 .text          0x00000000        0x0 c:/program files (x86)/atmel/studio/7.0/toolchain/avr8/avr8-gnu-toolchain/bin/../lib/gcc/avr/4.9.2/avrxmega4\libgcc.a(_exit.o)
 .data          0x00000000        0x0 c:/program files (x86)/atmel/studio/7.0/toolchain/avr8/avr8-gnu-toolchain/bin/../lib/gcc/avr/4.9.2/avrxmega4\libgcc.a(_exit.o)
 .bss           0x00000000        0x0 c:/program files (x86)/atmel/studio/7.0/toolchain/avr8/avr8-gnu-toolchain/bin/../lib/gcc/avr/4.9.2/avrxmega4\libgcc.a(_exit.o)
 .text.libgcc.mul
                0x00000000        0x0 c:/program files (x86)/atmel/studio/7.0/toolchain/avr8/avr8-gnu-toolchain/bin/../lib/gcc/avr/4.9.2/avrxmega4\libgcc.a(_exit.o)
 .text.libgcc.div
                0x00000000        0x0 c:/program files (x86)/atmel/studio/7.0/toolchain/avr8/avr8-gnu-toolchain/bin/../lib/gcc/avr/4.9.2/avrxmega4\libgcc.a(_exit.o)
 .text.libgcc   0x00000000        0x0 c:/program files (x86)/atmel/studio/7.0/toolchain/avr8/avr8-gnu-toolchain/bin/../lib/gcc/avr/4.9.2/avrxmega4\libgcc.a(_exit.o)
 .text.libgcc.prologue
                0x00000000        0x0 c:/program files (x86)/atmel/studio/7.0/toolchain/avr8/avr8-gnu-toolchain/bin/../lib/gcc/avr/4.9.2/avrxmega4\libgcc.a(_exit.o)
 .text.libgcc.builtins
                0x00000000        0x0 c:/program files (x86)/atmel/studio/7.0/toolchain/avr8/avr8-gnu-toolchain/bin/../lib/gcc/avr/4.9.2/avrxmega4\libgcc.a(_exit.o)
 .text.libgcc.fmul
                0x00000000        0x0 c:/program files (x86)/atmel/studio/7.0/toolchain/avr8/avr8-gnu-toolchain/bin/../lib/gcc/avr/4.9.2/avrxmega4\libgcc.a(_exit.o)
 .text.libgcc.fixed
                0x00000000        0x0 c:/program files (x86)/atmel/studio/7.0/toolchain/avr8/avr8-gnu-toolchain/bin/../lib/gcc/avr/4.9.2/avrxmega4\libgcc.a(_exit.o)
 .text          0x00000000        0x0 c:/program files (x86)/atmel/studio/7.0/toolchain/avr8/avr8-gnu-toolchain/bin/../lib/gcc/avr/4.9.2/avrxmega4\libgcc.a(_copy_data.o)
 .data          0x00000000        0x0 c:/program files (x86)/atmel/studio/7.0/toolchain/avr8/avr8-gnu-toolchain/bin/../lib/gcc/avr/4.9.2/avrxmega4\libgcc.a(_copy_data.o)
 .bss           0x00000000        0x0 c:/program files (x86)/atmel/studio/7.0/toolchain/avr8/avr8-gnu-toolchain/bin/../lib/gcc/avr/4.9.2/avrxmega4\libgcc.a(_copy_data.o)
 .text.libgcc.mul
                0x00000000        0x0 c:/program files (x86)/atmel/studio/7.0/toolchain/avr8/avr8-gnu-toolchain/bin/../lib/gcc/avr/4.9.2/avrxmega4\libgcc.a(_copy_data.o)
 .text.libgcc.div
                0x00000000        0x0 c:/program files (x86)/atmel/studio/7.0/toolchain/avr8/avr8-gnu-toolchain/bin/../lib/gcc/avr/4.9.2/avrxmega4\libgcc.a(_copy_data.o)
 .text.libgcc   0x00000000        0x0 c:/program files (x86)/atmel/studio/7.0/toolchain/avr8/avr8-gnu-toolchain/bin/../lib/gcc/avr/4.9.2/avrxmega4\libgcc.a(_copy_data.o)
 .text.libgcc.prologue
                0x00000000        0x0 c:/program files (x86)/atmel/studio/7.0/toolchain/avr8/avr8-gnu-toolchain/bin/../lib/gcc/avr/4.9.2/avrxmega4\libgcc.a(_copy_data.o)
 .text.libgcc.builtins
                0x00000000        0x0 c:/program files (x86)/atmel/studio/7.0/toolchain/avr8/avr8-gnu-toolchain/bin/../lib/gcc/avr/4.9.2/avrxmega4\libgcc.a(_copy_data.o)
 .text.libgcc.fmul
                0x00000000        0x0 c:/program files (x86)/atmel/studio/7.0/toolchain/avr8/avr8-gnu-toolchain/bin/../lib/gcc/avr/4.9.2/avrxmega4\libgcc.a(_copy_data.o)
 .text.libgcc.fixed
                0x00000000        0x0 c:/program files (x86)/atmel/studio/7.0/toolchain/avr8/avr8-gnu-toolchain/bin/../lib/gcc/avr/4.9.2/avrxmega4\libgcc.a(_copy_data.o)
 .text          0x00000000        0x0 c:/program files (x86)/atmel/studio/7.0/toolchain/avr8/avr8-gnu-toolchain/bin/../lib/gcc/avr/4.9.2/avrxmega4\libgcc.a(_clear_bss.o)
 .data          0x00000000        0x0 c:/program files (x86)/atmel/studio/7.0/toolchain/avr8/avr8-gnu-toolchain/bin/../lib/gcc/avr/4.9.2/avrxmega4\libgcc.a(_clear_bss.o)
 .bss           0x00000000        0x0 c:/program files (x86)/atmel/studio/7.0/toolchain/avr8/avr8-gnu-toolchain/bin/../lib/gcc/avr/4.9.2/avrxmega4\libgcc.a(_clear_bss.o)
 .text.libgcc.mul
                0x00000000        0x0 c:/program files (x86)/atmel/studio/7.0/toolchain/avr8/avr8-gnu-toolchain/bin/../lib/gcc/avr/4.9.2/avrxmega4\libgcc.a(_clear_bss.o)
 .text.libgcc.div
                0x00000000        0x0 c:/program files (x86)/atmel/studio/7.0/toolchain/avr8/avr8-gnu-toolchain/bin/../lib/gcc/avr/4.9.2/avrxmega4\libgcc.a(_clear_bss.o)
 .text.libgcc   0x00000000        0x0 c:/program files (x86)/atmel/studio/7.0/toolchain/avr8/avr8-gnu-toolchain/bin/../lib/gcc/avr/4.9.2/avrxmega4\libgcc.a(_clear_bss.o)
 .text.libgcc.prologue
                0x00000000        0x0 c:/program files (x86)/atmel/studio/7.0/toolchain/avr8/avr8-gnu-toolchain/bin/../lib/gcc/avr/4.9.2/avrxmega4\libgcc.a(_clear_bss.o)
 .text.libgcc.builtins
                0x00000000        0x0 c:/program files (x86)/atmel/studio/7.0/toolchain/avr8/avr8-gnu-toolchain/bin/../lib/gcc/avr/4.9.2/avrxmega4\libgcc.a(_clear_bss.o)
 .text.libgcc.fmul
                0x00000000        0x0 c:/program files (x86)/atmel/studio/7.0/toolchain/avr8/avr8-gnu-toolchain/bin/../lib/gcc/avr/4.9.2/avrxmega4\libgcc.a(_clear_bss.o)
 .text.libgcc.fixed
                0x00000000        0x0 c:/program files (x86)/atmel/studio/7.0/toolchain/avr8/avr8-gnu-toolchain/bin/../lib/gcc/avr/4.9.2/avrxmega4\libgcc.a(_clear_bss.o)
 .text          0x00000000        0x0 c:/program files (x86)/atmel/studio/7.0/toolchain/avr8/avr8-gnu-toolchain/bin/../lib/gcc/avr/4.9.2/../../../../avr/lib/avrxmega4\libc.a(itoa_ncheck.o)
 .data          0x00000000        0x0 c:/program files (x86)/atmel/studio/7.0/toolchain/avr8/avr8-gnu-toolchain/bin/../lib/gcc/avr/4.9.2/../../../../avr/lib/avrxmega4\libc.a(itoa_ncheck.o)
 .bss           0x00000000        0x0 c:/program files (x86)/atmel/studio/7.0/toolchain/avr8/avr8-gnu-toolchain/bin/../lib/gcc/avr/4.9.2/../../../../avr/lib/avrxmega4\libc.a(itoa_ncheck.o)
 .text          0x00000000        0x0 c:/program files (x86)/atmel/studio/7.0/toolchain/avr8/avr8-gnu-toolchain/bin/../lib/gcc/avr/4.9.2/../../../../avr/lib/avrxmega4\libc.a(utoa_ncheck.o)
 .data          0x00000000        0x0 c:/program files (x86)/atmel/studio/7.0/toolchain/avr8/avr8-gnu-toolchain/bin/../lib/gcc/avr/4.9.2/../../../../avr/lib/avrxmega4\libc.a(utoa_ncheck.o)
 .bss           0x00000000        0x0 c:/program files (x86)/atmel/studio/7.0/toolchain/avr8/avr8-gnu-toolchain/bin/../lib/gcc/avr/4.9.2/../../../../avr/lib/avrxmega4\libc.a(utoa_ncheck.o)
 .text          0x00000000        0x0 c:/program files (x86)/atmel/studio/7.0/toolchain/avr8/avr8-gnu-toolchain/bin/../lib/gcc/avr/4.9.2/../../../../avr/lib/avrxmega4\libc.a(strrev.o)
 .data          0x00000000        0x0 c:/program files (x86)/atmel/studio/7.0/toolchain/avr8/avr8-gnu-toolchain/bin/../lib/gcc/avr/4.9.2/../../../../avr/lib/avrxmega4\libc.a(strrev.o)
 .bss           0x00000000        0x0 c:/program files (x86)/atmel/studio/7.0/toolchain/avr8/avr8-gnu-toolchain/bin/../lib/gcc/avr/4.9.2/../../../../avr/lib/avrxmega4\libc.a(strrev.o)

Memory Configuration

Name             Origin             Length             Attributes
text             0x00000000         0x00100000         xr
data             0x00802000         0x0000ffa0         rw !x
eeprom           0x00810000         0x00010000         rw !x
fuse             0x00820000         0x00000400         rw !x
lock             0x00830000         0x00000400         rw !x
signature        0x00840000         0x00000400         rw !x
user_signatures  0x00850000         0x00000400         rw !x
*default*        0x00000000         0xffffffff

Linker script and memory map

LOAD C:/Program Files (x86)/Atmel/Studio/7.0/Packs/atmel/XMEGAA_DFP/1.0.39/gcc/dev/atxmega64a4u/avrxmega4/crtatxmega64a4u.o
LOAD clksys_driver.o
LOAD clock.o
LOAD main.o
LOAD shell.o
LOAD UART.o
LOAD usart_driver.o
START GROUP
LOAD c:/program files (x86)/atmel/studio/7.0/toolchain/avr8/avr8-gnu-toolchain/bin/../lib/gcc/avr/4.9.2/../../../../avr/lib/avrxmega4\libm.a
END GROUP
START GROUP
LOAD c:/program files (x86)/atmel/studio/7.0/toolchain/avr8/avr8-gnu-toolchain/bin/../lib/gcc/avr/4.9.2/avrxmega4\libgcc.a
LOAD c:/program files (x86)/atmel/studio/7.0/toolchain/avr8/avr8-gnu-toolchain/bin/../lib/gcc/avr/4.9.2/../../../../avr/lib/avrxmega4\libm.a
LOAD c:/program files (x86)/atmel/studio/7.0/toolchain/avr8/avr8-gnu-toolchain/bin/../lib/gcc/avr/4.9.2/../../../../avr/lib/avrxmega4\libc.a
LOAD C:/Program Files (x86)/Atmel/Studio/7.0/Packs/atmel/XMEGAA_DFP/1.0.39/gcc/dev/atxmega64a4u/avrxmega4\libatxmega64a4u.a
END GROUP
                0x00100000                __TEXT_REGION_LENGTH__ = DEFINED (__TEXT_REGION_LENGTH__)?__TEXT_REGION_LENGTH__:0x100000
                0x0000ffa0                __DATA_REGION_LENGTH__ = DEFINED (__DATA_REGION_LENGTH__)?__DATA_REGION_LENGTH__:0xffa0
                0x00010000                __EEPROM_REGION_LENGTH__ = DEFINED (__EEPROM_REGION_LENGTH__)?__EEPROM_REGION_LENGTH__:0x10000
                0x00000400                __FUSE_REGION_LENGTH__ = DEFINED (__FUSE_REGION_LENGTH__)?__FUSE_REGION_LENGTH__:0x400
                0x00000400                __LOCK_REGION_LENGTH__ = DEFINED (__LOCK_REGION_LENGTH__)?__LOCK_REGION_LENGTH__:0x400
                0x00000400                __SIGNATURE_REGION_LENGTH__ = DEFINED (__SIGNATURE_REGION_LENGTH__)?__SIGNATURE_REGION_LENGTH__:0x400
                0x00000400                __USER_SIGNATURE_REGION_LENGTH__ = DEFINED (__USER_SIGNATURE_REGION_LENGTH__)?__USER_SIGNATURE_REGION_LENGTH__:0x400

.hash
 *(.hash)

.dynsym
 *(.dynsym)

.dynstr
 *(.dynstr)

.gnu.version
 *(.gnu.version)

.gnu.version_d
 *(.gnu.version_d)

.gnu.version_r
 *(.gnu.version_r)

.rel.init
 *(.rel.init)

.rela.init
 *(.rela.init)

.rel.text
 *(.rel.text)
 *(.rel.text.*)
 *(.rel.gnu.linkonce.t*)

.rela.text
 *(.rela.text)
 *(.rela.text.*)
 *(.rela.gnu.linkonce.t*)

.rel.fini
 *(.rel.fini)

.rela.fini
 *(.rela.fini)

.rel.rodata
 *(.rel.rodata)
 *(.rel.rodata.*)
 *(.rel.gnu.linkonce.r*)

.rela.rodata
 *(.rela.rodata)
 *(.rela.rodata.*)
 *(.rela.gnu.linkonce.r*)

.rel.data
 *(.rel.data)
 *(.rel.data.*)
 *(.rel.gnu.linkonce.d*)

.rela.data
 *(.rela.data)
 *(.rela.data.*)
 *(.rela.gnu.linkonce.d*)

.rel.ctors
 *(.rel.ctors)

.rela.ctors
 *(.rela.ctors)

.rel.dtors
 *(.rel.dtors)

.rela.dtors
 *(.rela.dtors)

.rel.got
 *(.rel.got)

.rela.got
 *(.rela.got)

.rel.bss
 *(.rel.bss)

.rela.bss
 *(.rela.bss)

.rel.plt
 *(.rel.plt)

.rela.plt
 *(.rela.plt)

.text           0x00000000      0x902
 *(.vectors)
 .vectors       0x00000000      0x1fc C:/Program Files (x86)/Atmel/Studio/7.0/Packs/atmel/XMEGAA_DFP/1.0.39/gcc/dev/atxmega64a4u/avrxmega4/crtatxmega64a4u.o
                0x00000000                __vector_default
                0x00000000                __vectors
 *(.vectors)
 *(.progmem.gcc*)
                0x000001fc                . = ALIGN (0x2)
                0x000001fc                __trampolines_start = .
 *(.trampolines)
 .trampolines   0x000001fc        0x0 linker stubs
 *(.trampolines*)
                0x000001fc                __trampolines_end = .
 *libprintf_flt.a:*(.progmem.data)
 *libc.a:*(.progmem.data)
 *(.progmem*)
 .progmem.data.__c.4297
                0x000001fc       0x12 main.o
 .progmem.data.__c.4294
                0x0000020e       0x2b UART.o
 .progmem.data.__c.4289
                0x00000239       0x25 UART.o
                0x0000025e                . = ALIGN (0x2)
 *(.jumptables)
 *(.jumptables*)
 *(.lowtext)
 *(.lowtext*)
                0x0000025e                __ctors_start = .
 *(.ctors)
                0x0000025e                __ctors_end = .
                0x0000025e                __dtors_start = .
 *(.dtors)
                0x0000025e                __dtors_end = .
 SORT(*)(.ctors)
 SORT(*)(.dtors)
 *(.init0)
 .init0         0x0000025e        0x0 C:/Program Files (x86)/Atmel/Studio/7.0/Packs/atmel/XMEGAA_DFP/1.0.39/gcc/dev/atxmega64a4u/avrxmega4/crtatxmega64a4u.o
                0x0000025e                __init
 *(.init0)
 *(.init1)
 *(.init1)
 *(.init2)
 .init2         0x0000025e        0xc C:/Program Files (x86)/Atmel/Studio/7.0/Packs/atmel/XMEGAA_DFP/1.0.39/gcc/dev/atxmega64a4u/avrxmega4/crtatxmega64a4u.o
 *(.init2)
 *(.init3)
 *(.init3)
 *(.init4)
 .init4         0x0000026a       0x1a c:/program files (x86)/atmel/studio/7.0/toolchain/avr8/avr8-gnu-toolchain/bin/../lib/gcc/avr/4.9.2/avrxmega4\libgcc.a(_copy_data.o)
                0x0000026a                __do_copy_data
 .init4         0x00000284       0x10 c:/program files (x86)/atmel/studio/7.0/toolchain/avr8/avr8-gnu-toolchain/bin/../lib/gcc/avr/4.9.2/avrxmega4\libgcc.a(_clear_bss.o)
                0x00000284                __do_clear_bss
 *(.init4)
 *(.init5)
 *(.init5)
 *(.init6)
 *(.init6)
 *(.init7)
 *(.init7)
 *(.init8)
 *(.init8)
 *(.init9)
 .init9         0x00000294        0x8 C:/Program Files (x86)/Atmel/Studio/7.0/Packs/atmel/XMEGAA_DFP/1.0.39/gcc/dev/atxmega64a4u/avrxmega4/crtatxmega64a4u.o
 *(.init9)
 *(.text)
 .text          0x0000029c        0x4 C:/Program Files (x86)/Atmel/Studio/7.0/Packs/atmel/XMEGAA_DFP/1.0.39/gcc/dev/atxmega64a4u/avrxmega4/crtatxmega64a4u.o
                0x0000029c                __vector_38
                0x0000029c                __vector_104
                0x0000029c                __vector_22
                0x0000029c                __vector_63
                0x0000029c                __vector_67
                0x0000029c                __vector_1
                0x0000029c                __vector_119
                0x0000029c                __vector_32
                0x0000029c                __vector_75
                0x0000029c                __vector_71
                0x0000029c                __vector_91
                0x0000029c                __vector_34
                0x0000029c                __vector_62
                0x0000029c                __vector_77
                0x0000029c                __vector_102
                0x0000029c                __vector_24
                0x0000029c                __vector_12
                0x0000029c                __vector_55
                0x0000029c                __vector_69
                0x0000029c                __vector_81
                0x0000029c                __vector_90
                0x0000029c                __vector_46
                0x0000029c                __bad_interrupt
                0x0000029c                __vector_122
                0x0000029c                __vector_72
                0x0000029c                __vector_114
                0x0000029c                __vector_6
                0x0000029c                __vector_110
                0x0000029c                __vector_31
                0x0000029c                __vector_92
                0x0000029c                __vector_35
                0x0000029c                __vector_78
                0x0000029c                __vector_74
                0x0000029c                __vector_117
                0x0000029c                __vector_39
                0x0000029c                __vector_107
                0x0000029c                __vector_3
                0x0000029c                __vector_105
                0x0000029c                __vector_98
                0x0000029c                __vector_23
                0x0000029c                __vector_68
                0x0000029c                __vector_30
                0x0000029c                __vector_73
                0x0000029c                __vector_45
                0x0000029c                __vector_93
                0x0000029c                __vector_61
                0x0000029c                __vector_11
                0x0000029c                __vector_54
                0x0000029c                __vector_99
                0x0000029c                __vector_13
                0x0000029c                __vector_17
                0x0000029c                __vector_19
                0x0000029c                __vector_56
                0x0000029c                __vector_7
                0x0000029c                __vector_125
                0x0000029c                __vector_49
                0x0000029c                __vector_123
                0x0000029c                __vector_41
                0x0000029c                __vector_86
                0x0000029c                __vector_100
                0x0000029c                __vector_101
                0x0000029c                __vector_64
                0x0000029c                __vector_88
                0x0000029c                __vector_109
                0x0000029c                __vector_43
                0x0000029c                __vector_27
                0x0000029c                __vector_5
                0x0000029c                __vector_113
                0x0000029c                __vector_33
                0x0000029c                __vector_76
                0x0000029c                __vector_115
                0x0000029c                __vector_47
                0x0000029c                __vector_52
                0x0000029c                __vector_37
                0x0000029c                __vector_95
                0x0000029c                __vector_103
                0x0000029c                __vector_96
                0x0000029c                __vector_89
                0x0000029c                __vector_108
                0x0000029c                __vector_4
                0x0000029c                __vector_44
                0x0000029c                __vector_82
                0x0000029c                __vector_106
                0x0000029c                __vector_118
                0x0000029c                __vector_51
                0x0000029c                __vector_9
                0x0000029c                __vector_2
                0x0000029c                __vector_21
                0x0000029c                __vector_15
                0x0000029c                __vector_66
                0x0000029c                __vector_36
                0x0000029c                __vector_79
                0x0000029c                __vector_58
                0x0000029c                __vector_70
                0x0000029c                __vector_83
                0x0000029c                __vector_60
                0x0000029c                __vector_121
                0x0000029c                __vector_40
                0x0000029c                __vector_85
                0x0000029c                __vector_94
                0x0000029c                __vector_126
                0x0000029c                __vector_8
                0x0000029c                __vector_48
                0x0000029c                __vector_124
                0x0000029c                __vector_116
                0x0000029c                __vector_112
                0x0000029c                __vector_111
                0x0000029c                __vector_80
                0x0000029c                __vector_14
                0x0000029c                __vector_84
                0x0000029c                __vector_57
                0x0000029c                __vector_53
                0x0000029c                __vector_10
                0x0000029c                __vector_50
                0x0000029c                __vector_16
                0x0000029c                __vector_59
                0x0000029c                __vector_18
                0x0000029c                __vector_97
                0x0000029c                __vector_20
                0x0000029c                __vector_42
                0x0000029c                __vector_87
                0x0000029c                __vector_65
                0x0000029c                __vector_120
                0x000002a0                . = ALIGN (0x2)
 *(.text.*)
 .text.CCPWrite
                0x000002a0       0x2a clksys_driver.o
                0x000002a0                CCPWrite
 .text.CLKSYS_Disable
                0x000002ca       0x14 clksys_driver.o
                0x000002ca                CLKSYS_Disable
 .text.CLKSYS_Main_ClockSource_Select
                0x000002de       0x2a clksys_driver.o
                0x000002de                CLKSYS_Main_ClockSource_Select
 .text.CLKSYS_AutoCalibration_Enable
                0x00000308       0x38 clksys_driver.o
                0x00000308                CLKSYS_AutoCalibration_Enable
 .text.CLKSYS_Configuration_Lock
                0x00000340        0xc clksys_driver.o
                0x00000340                CLKSYS_Configuration_Lock
 .text.set_clock_32MHz
                0x0000034c       0x40 clock.o
                0x0000034c                set_clock_32MHz
 .text.main     0x0000038c       0xee main.o
                0x0000038c                main
 .text.usart_init_tpuart
                0x0000047a       0x58 UART.o
                0x0000047a                usart_init_tpuart
 .text.usart_init_pc
                0x000004d2       0x58 UART.o
                0x000004d2                usart_init_pc
 .text.send_string_pgm_to_usart
                0x0000052a       0x38 UART.o
                0x0000052a                send_string_pgm_to_usart
 .text.send_string_to_usart
                0x00000562       0x28 UART.o
                0x00000562                send_string_to_usart
 .text.receive_string_from_usart
                0x0000058a       0x6e UART.o
                0x0000058a                receive_string_from_usart
 .text.__vector_25
                0x000005f8       0x54 UART.o
                0x000005f8                __vector_25
 .text.__vector_26
                0x0000064c       0x54 UART.o
                0x0000064c                __vector_26
 .text.__vector_28
                0x000006a0       0xbc UART.o
                0x000006a0                __vector_28
 .text.__vector_29
                0x0000075c       0x54 UART.o
                0x0000075c                __vector_29
 .text.USART_InterruptDriver_Initialize
                0x000007b0       0x12 usart_driver.o
                0x000007b0                USART_InterruptDriver_Initialize
 .text.USART_TXBuffer_FreeSpace
                0x000007c2       0x14 usart_driver.o
                0x000007c2                USART_TXBuffer_FreeSpace
 .text.USART_TXBuffer_PutByte
                0x000007d6       0x38 usart_driver.o
                0x000007d6                USART_TXBuffer_PutByte
 .text.USART_RXBufferData_Available
                0x0000080e       0x10 usart_driver.o
                0x0000080e                USART_RXBufferData_Available
 .text.USART_RXBuffer_GetByte
                0x0000081e       0x18 usart_driver.o
                0x0000081e                USART_RXBuffer_GetByte
 .text.USART_RXComplete
                0x00000836       0x2a usart_driver.o
                0x00000836                USART_RXComplete
 .text.USART_DataRegEmpty
                0x00000860       0x34 usart_driver.o
                0x00000860                USART_DataRegEmpty
 .text.avr-libc
                0x00000894       0x16 c:/program files (x86)/atmel/studio/7.0/toolchain/avr8/avr8-gnu-toolchain/bin/../lib/gcc/avr/4.9.2/../../../../avr/lib/avrxmega4\libc.a(itoa_ncheck.o)
                0x00000894                __itoa_ncheck
 .text.avr-libc
                0x000008aa       0x34 c:/program files (x86)/atmel/studio/7.0/toolchain/avr8/avr8-gnu-toolchain/bin/../lib/gcc/avr/4.9.2/../../../../avr/lib/avrxmega4\libc.a(utoa_ncheck.o)
                0x000008aa                __utoa_ncheck
                0x000008ac                __utoa_common
 .text.avr-libc
                0x000008de       0x20 c:/program files (x86)/atmel/studio/7.0/toolchain/avr8/avr8-gnu-toolchain/bin/../lib/gcc/avr/4.9.2/../../../../avr/lib/avrxmega4\libc.a(strrev.o)
                0x000008de                strrev
                0x000008fe                . = ALIGN (0x2)
 *(.fini9)
 .fini9         0x000008fe        0x0 c:/program files (x86)/atmel/studio/7.0/toolchain/avr8/avr8-gnu-toolchain/bin/../lib/gcc/avr/4.9.2/avrxmega4\libgcc.a(_exit.o)
                0x000008fe                _exit
                0x000008fe                exit
 *(.fini9)
 *(.fini8)
 *(.fini8)
 *(.fini7)
 *(.fini7)
 *(.fini6)
 *(.fini6)
 *(.fini5)
 *(.fini5)
 *(.fini4)
 *(.fini4)
 *(.fini3)
 *(.fini3)
 *(.fini2)
 *(.fini2)
 *(.fini1)
 *(.fini1)
 *(.fini0)
 .fini0         0x000008fe        0x4 c:/program files (x86)/atmel/studio/7.0/toolchain/avr8/avr8-gnu-toolchain/bin/../lib/gcc/avr/4.9.2/avrxmega4\libgcc.a(_exit.o)
 *(.fini0)
                0x00000902                _etext = .

.data           0x00802000       0x34 load address 0x00000902
                0x00802000                PROVIDE (__data_start, .)
 *(.data)
 *(.data*)
 *(.rodata)
 *(.rodata*)
 .rodata.str1.1
                0x00802000       0x2b main.o
                                 0x2e (size before relaxing)
 .rodata.str1.1
                0x0080202b        0x8 UART.o
 *(.gnu.linkonce.d*)
                0x00802034                . = ALIGN (0x2)
 *fill*         0x00802033        0x1 
                0x00802034                _edata = .
                0x00802034                PROVIDE (__data_end, .)

.bss            0x00802034       0x70
                0x00802034                PROVIDE (__bss_start, .)
 *(.bss)
 *(.bss*)
 .bss.blabla    0x00802034        0x2 UART.o
                0x00802034                blabla
 *(COMMON)
 COMMON         0x00802036       0x6e main.o
                0x00802036                USART_data_c0
                0x0080206d                USART_data_c1
                0x008020a4                PROVIDE (__bss_end, .)
                0x00000902                __data_load_start = LOADADDR (.data)
                0x00000936                __data_load_end = (__data_load_start + SIZEOF (.data))

.noinit         0x008020a4        0x0
                [!provide]                PROVIDE (__noinit_start, .)
 *(.noinit*)
                [!provide]                PROVIDE (__noinit_end, .)
                0x008020a4                _end = .
                [!provide]                PROVIDE (__heap_start, .)

.eeprom         0x00810000        0x0
 *(.eeprom*)
                0x00810000                __eeprom_end = .

.fuse
 *(.fuse)
 *(.lfuse)
 *(.hfuse)
 *(.efuse)

.lock
 *(.lock*)

.signature
 *(.signature*)

.user_signatures
 *(.user_signatures*)

.stab
 *(.stab)

.stabstr
 *(.stabstr)

.stab.excl
 *(.stab.excl)

.stab.exclstr
 *(.stab.exclstr)

.stab.index
 *(.stab.index)

.stab.indexstr
 *(.stab.indexstr)

.comment        0x00000000       0x30
 *(.comment)
 .comment       0x00000000       0x30 clksys_driver.o
                                 0x31 (size before relaxing)
 .comment       0x00000030       0x31 clock.o
 .comment       0x00000030       0x31 main.o
 .comment       0x00000030       0x31 UART.o
 .comment       0x00000030       0x31 usart_driver.o

.note.gnu.avr.deviceinfo
                0x00000000       0x40
 .note.gnu.avr.deviceinfo
                0x00000000       0x40 C:/Program Files (x86)/Atmel/Studio/7.0/Packs/atmel/XMEGAA_DFP/1.0.39/gcc/dev/atxmega64a4u/avrxmega4/crtatxmega64a4u.o

.note.gnu.build-id
 *(.note.gnu.build-id)

.debug
 *(.debug)

.line
 *(.line)

.debug_srcinfo
 *(.debug_srcinfo)

.debug_sfnames
 *(.debug_sfnames)

.debug_aranges  0x00000000      0x180
 *(.debug_aranges)
 .debug_aranges
                0x00000000       0x68 clksys_driver.o
 .debug_aranges
                0x00000068       0x20 clock.o
 .debug_aranges
                0x00000088       0x28 main.o
 .debug_aranges
                0x000000b0       0x68 UART.o
 .debug_aranges
                0x00000118       0x68 usart_driver.o

.debug_pubnames
 *(.debug_pubnames)

.debug_info     0x00000000     0x2099
 *(.debug_info .gnu.linkonce.wi.*)
 .debug_info    0x00000000      0x646 clksys_driver.o
 .debug_info    0x00000646      0x20c clock.o
 .debug_info    0x00000852      0x71b main.o
 .debug_info    0x00000f6d      0xb98 UART.o
 .debug_info    0x00001b05      0x594 usart_driver.o

.debug_abbrev   0x00000000      0xa53
 *(.debug_abbrev)
 .debug_abbrev  0x00000000      0x1c8 clksys_driver.o
 .debug_abbrev  0x000001c8      0x101 clock.o
 .debug_abbrev  0x000002c9      0x2fe main.o
 .debug_abbrev  0x000005c7      0x289 UART.o
 .debug_abbrev  0x00000850      0x203 usart_driver.o

.debug_line     0x00000000      0xbe5
 *(.debug_line .debug_line.* .debug_line_end)
 .debug_line    0x00000000      0x24f clksys_driver.o
 .debug_line    0x0000024f      0x14d clock.o
 .debug_line    0x0000039c      0x22e main.o
 .debug_line    0x000005ca      0x32e UART.o
 .debug_line    0x000008f8      0x2ed usart_driver.o

.debug_frame    0x00000000      0x450
 *(.debug_frame)
 .debug_frame   0x00000000       0xdc clksys_driver.o
 .debug_frame   0x000000dc       0x24 clock.o
 .debug_frame   0x00000100       0x44 main.o
 .debug_frame   0x00000144      0x248 UART.o
 .debug_frame   0x0000038c       0xc4 usart_driver.o

.debug_str      0x00000000      0xe8b
 *(.debug_str)
 .debug_str     0x00000000      0x78f clksys_driver.o
                                0x7cf (size before relaxing)
 .debug_str     0x0000078f       0x1d clock.o
                                0x2d7 (size before relaxing)
 .debug_str     0x000007ac      0x23d main.o
                                0x41f (size before relaxing)
 .debug_str     0x000009e9      0x3c6 UART.o
                                0x76d (size before relaxing)
 .debug_str     0x00000daf       0xdc usart_driver.o
                                0x46f (size before relaxing)

.debug_loc      0x00000000      0xeac
 *(.debug_loc)
 .debug_loc     0x00000000      0x2cf clksys_driver.o
 .debug_loc     0x000002cf       0xb3 main.o
 .debug_loc     0x00000382      0x765 UART.o
 .debug_loc     0x00000ae7      0x3c5 usart_driver.o

.debug_macinfo
 *(.debug_macinfo)

.debug_weaknames
 *(.debug_weaknames)

.debug_funcnames
 *(.debug_funcnames)

.debug_typenames
 *(.debug_typenames)

.debug_varnames
 *(.debug_varnames)

.debug_pubtypes
 *(.debug_pubtypes)

.debug_ranges   0x00000000      0x130
 *(.debug_ranges)
 .debug_ranges  0x00000000       0x58 clksys_driver.o
 .debug_ranges  0x00000058       0x10 clock.o
 .debug_ranges  0x00000068       0x18 main.o
 .debug_ranges  0x00000080       0x58 UART.o
 .debug_ranges  0x000000d8       0x58 usart_driver.o

.debug_macro
 *(.debug_macro)
OUTPUT(TPUART.elf elf32-avr)
LOAD linker stubs
